>>> from itsdangerous import TimedJSONWebSignatureSerializer as Serializer
>>> s = serializer('secret', 30)
Traceback (most recent call last):
  File "<stdin>", line 1, in <module>
NameError: name 'serializer' is not defined
>>> s = Serializer('secret', 30)
>>> token = s.dumps({'user_id': 1}).decode('utf-8')
>>> token
'eyJhbGciOiJIUzUxMiIsImlhdCI6MTYxMjA2NDQ4MSwiZXhwIjoxNjEyMDY0NTExfQ.eyJ1c2VyX2lkIjoxfQ.Hrg0fjVdabp9ehw65BilZoL63f8RqJyjrPvLRSl4CDHK_rQor67A24fZXwb8ezOtB6q1Hz6uRcGi5nV2ovjk9w'
>>> s.loads(token)
{'user_id': 1}
>>> s.loads(token)
Traceback (most recent call last):
  File "<stdin>", line 1, in <module>
  File "/Users/vandhu/Documents/Python/Environment/project1_env/lib/python3.9/site-packages/itsdangerous/jws.py", line 202, in loads
    raise SignatureExpired(
itsdangerous.exc.SignatureExpired: Signature expired
